,,,,,,,,,,,,,,,,,,,,,,,,,,,,,
Audino,Pidove,Purrloin,Pidove,Egg,,,,,,,,,,,Lillipup,,,,Pidove,,,,Blitzle,,,,Pidove,,
,,,,,,,,,,,,,,,,,,,Panpour,,,,,,,,,,
Deerling Spring,Deerling Winter,Deerling Autumn,Deerling Summer,,,,,,,,,,,,,,,,,,,,,,Patrat,Patrat,,,
,,,,,,,,,,,,,,,Lillipup,,,,,,,,,,,,,,
,,,,,,,,,,,Lillipup,,,,,,,,,,,,,,,,,,
,,,,,,,,,,,,,,,Patrat,,,,,,,,,,,,,,
,,,,,,,,,,,,,,,,,,,,,,,,,,,,,
,,,,,,,,,,,,,,,,,,,,,,,,,,,,,
,,,,,,,,,,,,,,,,,,,,,,,,,,,,,
,,,,,,,,,,,,,,,,,,,,,,,,,,,,,
,,,,,,,,,,,,,,,,,,,,,,,,,,,,,
,,,,,,,,,,,,,,,,,,,,,,,,,,,,,
,,,,,,,,,,,,,,,,,,,,,,,,,,,,,
,,,,,,,,,,,,,,,,,,,,,,,,,,,,,
,,,,,,,,,,,,,,,,,,,,,,,,,,,,,
,,,,,,,,,,,,,,,,,,,,,,,,,,,,,
,,,,,,,,,,,,,,,,,,,,,,,,,,,,,
,,,,,,,,,,,,,,,,,,,,,,,,,,,,,
,,,,,,,,,,,,,,,,,,,,,,,,,,,,,
,,,,,,,,,,,,,,,,,,,,,,,,,,,,,
,,,,,,,,,,,,,,,,,,,,,,,,,,,,,
,,,,,,,,,,,,,,,,,,,,,,,,,,,,,
,,,,,,,,,,,,,,,,,,,,,,,,,,,,,