,,,,,,,,,,,,,,,,,,,,,,,,,,,,,
audino,pidove,purrloin,pidove,egg,,,,,,,,,,,lillipup,,,,pidove,,,,blitzle,,,,pidove,,
,,,,,,,,,,,,,,,,,,,panpour,,,,,,,,,,
deerling-spring,deerling-winter,deerling-autumn,deerling-summer,,,,,,,,,,,,,,,,,,,,,,patrat,patrat,,,
,,,,,,,,,,,,,,,lillipup,,,,,,,,,,,,,,
,,,,,,,,,,,lillipup,,,,,,,,,,,,,,,,,,
,,,,,,,,,,,,,,,patrat,,,,,,,,,,,,,,
,,,,,,,,,,,,,,,,,,,,,,,,,,,,,
,,,,,,,,,,,,,,,,,,,,,,,,,,,,,
,,,,,,,,,,,,,,,,,,,,,,,,,,,,,
,,,,,,,,,,,,,,,,,,,,,,,,,,,,,
,,,,,,,,,,,,,,,,,,,,,,,,,,,,,
,,,,,,,,,,,,,,,,,,,,,,,,,,,,,
,,,,,,,,,,,,,,,,,,,,,,,,,,,,,
,,,,,,,,,,,,,,,,,,,,,,,,,,,,,
,,,,,,,,,,,,,,,,,,,,,,,,,,,,,
,,,,,,,,,,,,,,,,,,,,,,,,,,,,,
,,,,,,,,,,,,,,,,,,,,,,,,,,,,,
,,,,,,,,,,,,,,,,,,,,,,,,,,,,,
,,,,,,,,,,,,,,,,,,,,,,,,,,,,,
,,,,,,,,,,,,,,,,,,,,,,,,,,,,,
,,,,,,,,,,,,,,,,,,,,,,,,,,,,,
,,,,,,,,,,,,,,,,,,,,,,,,,,,,,
,,,,,,,,,,,,,,,,,,,,,,,,,,,,,