mankey,,,,rattata,rattata,,,,,,,,,,,,,,,,,,,,,,,,
mankey,,,,,,,,,,,,,,,,,,,,,,,,,,,,,
mankey,,,,,,,,,,,,,,,,,,,,,,,,,,,,,
mankey,,,,,,,,,,,,,,,,,,,,,,,,,,,,,
mankey,,,,,,,,,,,,,,,,,,,,,,,,,,,,,
mankey,,,,,,,,,,,,,,,,,,,,,,,,,,,,,rattata
bulbasaur,,,,,,rattata,,,,,,,,,,,,,,,,,,,,,,,
,,,,,,,,,,,,,,,,,,,,,,,,,,,,,
,,,,,,,,,,,,,,,,,,,,,,,,,,,,,
,,,,,,,,,,,,,,,,,,,,,,,,,,,,,
,,,,,,,,,,,,,,,,,,,,,,,,,,,,,
,,,,,,,,,,,,,,,,,,,,,,,,,,,,,
,,,,,,,,,,,,,,,,,,,,,,,,,,,,,
,,,,,,,,,,,,,,,,,,,,,,,,,,,,,