golbat,tangela,spearow,weedle,rattata,rattata,caterpie,nidoran-f,diglett,metapod,kakuna,unown-v,machop,machoke,slowbro,unown-x,persian,weepinbell,unown-y,unown-g,unown-r,unown-l,,,,,,,,
mankey,,,,,,,,,,,,,,,,,,,,,,,,,,,,,
mankey,,,,,,,,,,,,,,,,,,,,,,,,,,,,,
mankey,,,,,,,,,,,,,,,,,,,,,,,,,,,,,
mankey,egg,,,,,,,,,,,,,,,,,,,,,,,,,,,,
mankey,,,,,,,,,,,,,,,,,,,,,,,,,,,,,rattata
,,,,,,rattata,,,,,,,,nidoqueen,,,,exeggutor,,,,,,,,,,,
,,,,,,,,,,,,,,,,,,,,,,,,,,,,,
ninetales,vaporeon,,,,,,,,,,,,,,,,,,,,,,,,,,,,
,,,,,,,,,,,,,,,,,,,,,,,,,,,,,
venusaur,lapras,fearow,,,,,,,,,,,,,,,,,,,,,,,,,,,
unown-w,unown-z,,,,,,,,,,,,,,,,,,,,,,,,,,,,
,,,,,,,,,,,,,,,,,,,,,,,,,,,,,
mankey,zubat,geodude,paras,grimer,raticate,ponyta,tentacool,bellsprout,abra,voltorb,pikachu,magneton,magnemite,gastly,meowth,rhyhorn,sandshrew,slowpoke,parasect,doduo,drowzee,venomoth,rhyhorn,ditto,venonat,wigglytuff,dewgong,seel,krabby