Mankey,,,,Rattata,Rattata,,,,,,,,,,,,,,,,,,,,,,,,
Mankey,,,,,,,,,,,,,,,,,,,,,,,,,,,,,
Mankey,,,,,,,,,,,,,,,,,,,,,,,,,,,,,
Mankey,,,,,,,,,,,,,,,,,,,,,,,,,,,,,
Mankey,,,,,,,,,,,,,,,,,,,,,,,,,,,,,
Mankey,,,,,,,,,,,,,,,,,,,,,,,,,,,,,Rattata
Bulbasaur,,,,,,Rattata,,,,,,,,,,,,,,,,,,,,,,,
,,,,,,,,,,,,,,,,,,,,,,,,,,,,,
,,,,,,,,,,,,,,,,,,,,,,,,,,,,,
,,,,,,,,,,,,,,,,,,,,,,,,,,,,,
,,,,,,,,,,,,,,,,,,,,,,,,,,,,,
,,,,,,,,,,,,,,,,,,,,,,,,,,,,,
,,,,,,,,,,,,,,,,,,,,,,,,,,,,,
,,,,,,,,,,,,,,,,,,,,,,,,,,,,,