Golbat,Tangela,Spearow,Weedle,Rattata,Rattata,Caterpie,Nidoran♀,Diglett,Metapod,Kakuna,Unown V,Machop,Machoke,Slowbro,Unown X,Persian,Weepinbell,Unown Y,Unown G,Unown R,Unown L,,,,,,,,
Mankey,,,,,,,,,,,,,,,,,,,,,,,,,,,,,
Mankey,,,,,,,,,,,,,,,,,,,,,,,,,,,,,
Mankey,,,,,,,,,,,,,,,,,,,,,,,,,,,,,
Mankey,Egg,,,,,,,,,,,,,,,,,,,,,,,,,,,,
Mankey,,,,,,,,,,,,,,,,,,,,,,,,,,,,,Rattata
,,,,,,Rattata,,,,,,,,Nidoqueen,,,,Exeggutor,,,,,,,,,,,
,,,,,,,,,,,,,,,,,,,,,,,,,,,,,
Ninetales,Vaporeon,,,,,,,,,,,,,,,,,,,,,,,,,,,,
,,,,,,,,,,,,,,,,,,,,,,,,,,,,,
Venusaur,Lapras,Fearow,,,,,,,,,,,,,,,,,,,,,,,,,,,
Unown W,Unown Z,,,,,,,,,,,,,,,,,,,,,,,,,,,,
,,,,,,,,,,,,,,,,,,,,,,,,,,,,,
Mankey,Zubat,Geodude,Paras,Grimer,Raticate,Ponyta,Tentacool,Bellsprout,Abra,Voltorb,Pikachu,Magneton,Magnemite,Gastly,Meowth,Rhyhorn,Sandshrew,Slowpoke,Parasect,Doduo,Drowzee,Venomoth,Rhyhorn,Ditto,Venonat,Wigglytuff,Dewgong,Seel,Krabby