Pidgey,Rattata,Rattata,Rattata,Pidgey,Pidgey,Rattata,Pidgey,Pidgey,,,,,,,,,,,
Pidgey,,,,,,,,,,,,,,,,,,,
Pidgey,,,,,,,,,,,,,,,,,,,
,,,,,,,,,,,,,,,,,,,
,,,,,,,,,,,,,,,,,,,
,,,,,,,,,,,,,,,,,,,
,,,,,,,,,,,,,,,,,,,
,,,,,,,,,,,,,,,,,,,
Rattata,,,,,,,,,,,,,,,,,,,
,,,,,,,,,,,,,,,,,,,
,,,,,,,,,,,,,,,,,,,
,,,,,,,,,,,,,,,,,,,