pidove,,,,,,,,,,,,,,,,,,,,,,,,,,,,,
,,,,,,,pidove,,,,,,,,,,,,,,,,,,,,,,
,,,,,,,patrat,,,,,,,,,,,,,,,,,,,,,,
,,,,,,,pansear,,,,,,,,,,,,,,,,,,,,,,
,,,,,,,,,,,,,patrat,,,,,,,,,,,,,,,,
,,,,,,,,,,,,,,,,,,,lillipup,,,,,,,,,,
,,,,,,,egg,,,,,,,,,,,,,,,,,,,,,,
,,,,,,,,,patrat,,,,,,,,,,,,,,,,,,,,
,,,,,,,,,,,,,,,,,,,,,,blitzle,,,,,,,
,,,,,,,pidove,,,,,,,,,,,,,,,,,,,,,,
,,,,,,,lillipup,,,,,,,,,,,,,,,,,,,,,,
,,,,,,,,,,,,,,purrloin,,,,,,,,,,,,,,,
,,,,,,,blitzle,,,,,,,,,,,,,,,,,,,,,,
,,,,,,,,,,,,,,patrat,,,,,,,,,,,,,,,
,,,,,,,,audino,,,,,,,,,,,,,,,,,,,,,
,,,,,,,,lillipup,,,,,,,,,,,,,,,,,,,,,
,,,,,,,,,,,,,,,,,,,,,,,,,,,,,
,,,,,,,,,,,,,,,,,,,,,,,,,,,,,
,,,,,,,,,,,,,,,,,,,,,,,,,,,,,
,,,,,,,,,,,,,,,,,,,,,,,,,,,,,
,,,,,,,,,,,,,,,,,,,,,,,,,,,,,
deerling-spring,deerling-winter,,,,,,,,,,,,,,,,,,,,,,,,,,,,
,,,,,,,,,,,,,,,,,,,,,,,,,,,,,
,,,,,,,,,,,,,,,,,,,,,,,,,,,,,