Pidove,,,,,,,,,,,,,,,,,,,,,,,,,,,,,
,,,,,,,Pidove,,,,,,,,,,,,,,,,,,,,,,
,,,,,,,Patrat,,,,,,,,,,,,,,,,,,,,,,
,,,,,,,Pansear,,,,,,,,,,,,,,,,,,,,,,
,,,,,,,,,,,,,Patrat,,,,,,,,,,,,,,,,
,,,,,,,,,,,,,,,,,,,Lillipup,,,,,,,,,,
,,,,,,,Egg,,,,,,,,,,,,,,,,,,,,,,
,,,,,,,,,Patrat,,,,,,,,,,,,,,,,,,,,
,,,,,,,,,,,,,,,,,,,,,,Blitzle,,,,,,,
,,,,,,,Pidove,,,,,,,,,,,,,,,,,,,,,,
,,,,,,,Lillipup,,,,,,,,,,,,,,,,,,,,,,
,,,,,,,,,,,,,,Purrloin,,,,,,,,,,,,,,,
,,,,,,,Blitzle,,,,,,,,,,,,,,,,,,,,,,
,,,,,,,,,,,,,,Patrat,,,,,,,,,,,,,,,
,,,,,,,,Audino,,,,,,,,,,,,,,,,,,,,,
,,,,,,,,Lillipup,,,,,,,,,,,,,,,,,,,,,
,,,,,,,,,,,,,,,,,,,,,,,,,,,,,
,,,,,,,,,,,,,,,,,,,,,,,,,,,,,
,,,,,,,,,,,,,,,,,,,,,,,,,,,,,
,,,,,,,,,,,,,,,,,,,,,,,,,,,,,
,,,,,,,,,,,,,,,,,,,,,,,,,,,,,
Deerling Spring,Deerling Winter,,,,,,,,,,,,,,,,,,,,,,,,,,,,
,,,,,,,,,,,,,,,,,,,,,,,,,,,,,
,,,,,,,,,,,,,,,,,,,,,,,,,,,,,