Pidgey,,,,,,,,,,,,,,,,,,,,,,,,,,,,,
,,,,,,,,,,,,,,,Fletchling,,,,,,,,,,,,,,
,,,,,,,,,Vivillon Jungle,,,,,,,,,,,,,,,,,,,,
,,,,,,,,,,Pansage,,,,,,,,,,,,,,,,,,,
,,,,,,,,,,,,,,,,,,,,,,,,,,,,,Bidoof
Ledyba,,,,,,,,,,,,,,,,,,,,,,,,,,,,,
,,,,,,,,,Burmy Trash,,,,,,,,,,,,,,,,,,,,
,,,,,,,,,,,,,,,Flabébé Red,,,,,,,,,,,,,,
,,,,Skitty,,,,,,,,,,,,,,,,,,,,,,,,,
Metapod,,,,,,,,,,,,,,,,,,,,,,,,,,,,,
,,,,,Panpour,,,,,,,,,,,,,,,,,,,,,,,,
,,,,,,,,,,,,,,,,,,,,,,,,,,,,,Pansear
,,,,,,,,,,Braixen,,,,,,,,,,,,,,,,,,,
,,,,,,,,,,,Venipede,,,,,,,,,,,,,,,,,,
,,,,,,,,,,,,,,,,,,,,,,,,,,,,,Egg
,,,,,,,,,,,,,,,,,,,,,,,,,,,,,
,,,,,,,,,,,,,,,,,,,,,,,,,,,,,
,,,,,,,,,,,,,,,,,,,,,,,,,,,,,
,,,,,,,,,,,,,,,,,,,,,,,,,,,,,
,,,,,,,,,,,,,,,,,,,,,,,,,,,,,
,,,,,,,,,,,,,,,,,,,,,,,,,,,,,
,,,,,,,,,,,,,,,,,,,,,,,,,,,,,
,,,,,,,,,Bunnelby,,,,,,,,,,,,,,,,,,,,
,,,,,,,,,,,,,,,,,,,,,,,,,,,,,
,,,,,,,,,,,,,,,,,,,,,,,,,,,,,
,,,,,,,,,,,,,,,,,,,,,,,,,,,,,
,,,,,,,,,,,,,,,,,,,,,,,,,,,,,
,,,,,,,,,,,,,,,,,,,,,,,,,,,,,
,,,,,,,,,,,,,,,,,,,,,,,,,,,,,
,,,,,,,,,,,,,,,,,,,,,,,,,,,,,
,,,,,,,,,,,,,,,,,,,,,,,,,,,,,