pidgey,,,,,,,,,,,,,,,,,,,,,,,,,,,,,
,,,,,,,,,,,,,,,fletchling,,,,,,,,,,,,,,
,,,,,,,,,vivillon-jungle,,,,,,,,,,,,,,,,,,,,
,,,,,,,,,,pansage,,,,,,,,,,,,,,,,,,,
,,,,,,,,,,,,,,,,,,,,,,,,,,,,,bidoof
ledyba,,,,,,,,,,,,,,,,,,,,,,,,,,,,,
,,,,,,,,,burmy-trash,,,,,,,,,,,,,,,,,,,,
,,,,,,,,,,,,,,,flabebe-red,,,,,,,,,,,,,,
,,,,skitty,,,,,,,,,,,,,,,,,,,,,,,,,
metapod,,,,,,,,,,,,,,,,,,,,,,,,,,,,,
,,,,,panpour,,,,,,,,,,,,,,,,,,,,,,,,
,,,,,,,,,,,,,,,,,,,,,,,,,,,,,pansear
,,,,,,,,,,braixen,,,,,,,,,,,,,,,,,,,
,,,,,,,,,,,venipede,,,,,,,,,,,,,,,,,,
,,,,,,,,,,,,,,,,,,,,,,,,,,,,,egg
,,,,,,,,,,,,,,,,,,,,,,,,,,,,,
,,,,,,,,,,,,,,,,,,,,,,,,,,,,,
,,,,,,,,,,,,,,,,,,,,,,,,,,,,,
,,,,,,,,,,,,,,,,,,,,,,,,,,,,,
,,,,,,,,,,,,,,,,,,,,,,,,,,,,,
,,,,,,,,,,,,,,,,,,,,,,,,,,,,,
,,,,,,,,,,,,,,,,,,,,,,,,,,,,,
,,,,,,,,,bunnelby,,,,,,,,,,,,,,,,,,,,
,,,,,,,,,,,,,,,,,,,,,,,,,,,,,
,,,,,,,,,,,,,,,,,,,,,,,,,,,,,
,,,,,,,,,,,,,,,,,,,,,,,,,,,,,
,,,,,,,,,,,,,,,,,,,,,,,,,,,,,
,,,,,,,,,,,,,,,,,,,,,,,,,,,,,
,,,,,,,,,,,,,,,,,,,,,,,,,,,,,
,,,,,,,,,,,,,,,,,,,,,,,,,,,,,
,,,,,,,,,,,,,,,,,,,,,,,,,,,,,